// TUI Test Snapshot v1

exports[`startup snapshot | 1`] = String.raw`
╭────────────────────────────────────────────────────────────────────────────────────────────────────────────────────────╮
│ ◆ evot  v0.1.0                                                                                                         │
│  env:      ~/.evotai/evot.env                                                                                          │
│  provider: anthropic                                                                                                   │
│  model:    claude-opus-4-6                                                                                             │
│  base_url: https://codex.databend.cloud/claude                                                                         │
│  session:  (new)                                                                                                       │
│  git:      main                                                                                                        │
│  cwd:      ~/github/evotai/evot/cli                                                                                    │
│  /help commands  ·  Tab complete  ·  ↑↓ history  ·  Ctrl+C×2 exit                                                      │
│                                                                                                                        │
│────────────────────────────────────────────────────────────────────────────────────────────────────────────────────────│
│❯  Type a message...                                                                                                    │
│────────────────────────────────────────────────────────────────────────────────────────────────────────────────────────│
│                                                                                                         claude-opus-4-6│
│                                                                                                                        │
│                                                                                                                        │
│                                                                                                                        │
│                                                                                                                        │
│                                                                                                                        │
│                                                                                                                        │
│                                                                                                                        │
│                                                                                                                        │
│                                                                                                                        │
│                                                                                                                        │
│                                                                                                                        │
│                                                                                                                        │
│                                                                                                                        │
│                                                                                                                        │
│                                                                                                                        │
│                                                                                                                        │
│                                                                                                                        │
│                                                                                                                        │
│                                                                                                                        │
│                                                                                                                        │
│                                                                                                                        │
│                                                                                                                        │
│                                                                                                                        │
│                                                                                                                        │
│                                                                                                                        │
│                                                                                                                        │
╰────────────────────────────────────────────────────────────────────────────────────────────────────────────────────────╯
`;

